// Jest Snapshot v1, https://goo.gl/fbAQLP

exports[`cnxml-preview tagElementsWithLineNumbers 1`] = `
"
    <document data-line=\\"2\\">
        <div data-line=\\"3\\"><span data-line=\\"3\\">Test</span><div data-line=\\"3\\"/></div>
    </document>"
`;
